// Jest Snapshot v1, https://goo.gl/fbAQLP

exports[`Test button should test snapshot 1`] = `"<button class=\\"sc-bdVaJa dOEnpf\\">Click me</button>"`;
