// Jest Snapshot v1, https://goo.gl/fbAQLP

exports[`test content should test snapshot 1`] = `"<h1>Live matches</h1><p class=\\"preamble\\">Here is a list of matches that are live right now.</p><aside><h2>Live betting</h2><p>Place your bets as the action unfolds. We offer a wide selection of live betting events and you can place both single and combination bets.</p><p>You will be able to see an in-play scoreboard with the current result and match stats, while on selected events you will also be able to watch the action live with Unibet TV on the desktop site.</p></aside><div id=\\"live-matches\\"><div width=\\"600px\\" height=\\"300px\\" class=\\"sc-bdVaJa hemWUb\\"><div class=\\"sc-htpNat bMtrgk\\"><div class=\\"sc-gzVnrw gWtOMw\\"><div class=\\"sc-htoDjs dZmTQw\\"><div class=\\"sc-dnqmqq hNfzMe\\"></div>-<div class=\\"sc-dnqmqq hNfzMe\\"></div></div><div class=\\"sc-gZMcBi hdRYkI\\"><img src=\\"/icons/default.png\\"><div class=\\"sc-iwsKbI bHJQaO\\"></div>-<div class=\\"sc-iwsKbI bHJQaO\\"> </div></div><div class=\\"sc-gqjmRU iXpBVF\\">Invalid Date</div><div class=\\"sc-VigVT dwVcPI\\"><button class=\\"sc-jTzLTM eJrpoN\\">Place a Bet</button></div></div></div><div class=\\"sc-htpNat bMtrgk\\"><div class=\\"sc-gzVnrw gWtOMw\\"><div class=\\"sc-htoDjs dZmTQw\\"><div class=\\"sc-dnqmqq hNfzMe\\"></div>-<div class=\\"sc-dnqmqq hNfzMe\\"></div></div><div class=\\"sc-gZMcBi hdRYkI\\"><img src=\\"/icons/default.png\\"><div class=\\"sc-iwsKbI bHJQaO\\"></div>-<div class=\\"sc-iwsKbI bHJQaO\\"> </div></div><div class=\\"sc-gqjmRU iXpBVF\\">Invalid Date</div><div class=\\"sc-VigVT dwVcPI\\"><button class=\\"sc-jTzLTM eJrpoN\\">Place a Bet</button></div></div></div><div class=\\"sc-bxivhb keacqw\\"></div></div></div>"`;
