// Jest Snapshot v1, https://goo.gl/fbAQLP

exports[`test Header should test snapshot 1`] = `"<header><div id=\\"logo\\">Unibet</div></header>"`;
