// Jest Snapshot v1, https://goo.gl/fbAQLP

exports[`test Navbar should test snapshot 1`] = `"<ul><li><a href=\\"instructions/index.html\\">Test instructions</a></li></ul>"`;
